Archive member included to satisfy reference by file (symbol)

d:/stm32cube_ide/stm32cubeide_1.8.0/stm32cubeide/plugins/com.st.stm32cube.ide.mcu.externaltools.gnu-tools-for-stm32.9-2020-q2-update.win32_2.0.0.202105311346/tools/bin/../lib/gcc/arm-none-eabi/9.3.1/../../../../arm-none-eabi/lib/thumb/v7e-m+dp/hard\libc_nano.a(lib_a-errno.o)
                              ./Core/Src/syscalls.o (__errno)
d:/stm32cube_ide/stm32cubeide_1.8.0/stm32cubeide/plugins/com.st.stm32cube.ide.mcu.externaltools.gnu-tools-for-stm32.9-2020-q2-update.win32_2.0.0.202105311346/tools/bin/../lib/gcc/arm-none-eabi/9.3.1/../../../../arm-none-eabi/lib/thumb/v7e-m+dp/hard\libc_nano.a(lib_a-exit.o)
                              d:/stm32cube_ide/stm32cubeide_1.8.0/stm32cubeide/plugins/com.st.stm32cube.ide.mcu.externaltools.gnu-tools-for-stm32.9-2020-q2-update.win32_2.0.0.202105311346/tools/bin/../lib/gcc/arm-none-eabi/9.3.1/../../../../arm-none-eabi/lib/thumb/v7e-m+dp/hard/crt0.o (exit)
d:/stm32cube_ide/stm32cubeide_1.8.0/stm32cubeide/plugins/com.st.stm32cube.ide.mcu.externaltools.gnu-tools-for-stm32.9-2020-q2-update.win32_2.0.0.202105311346/tools/bin/../lib/gcc/arm-none-eabi/9.3.1/../../../../arm-none-eabi/lib/thumb/v7e-m+dp/hard\libc_nano.a(lib_a-impure.o)
                              d:/stm32cube_ide/stm32cubeide_1.8.0/stm32cubeide/plugins/com.st.stm32cube.ide.mcu.externaltools.gnu-tools-for-stm32.9-2020-q2-update.win32_2.0.0.202105311346/tools/bin/../lib/gcc/arm-none-eabi/9.3.1/../../../../arm-none-eabi/lib/thumb/v7e-m+dp/hard\libc_nano.a(lib_a-exit.o) (_global_impure_ptr)
d:/stm32cube_ide/stm32cubeide_1.8.0/stm32cubeide/plugins/com.st.stm32cube.ide.mcu.externaltools.gnu-tools-for-stm32.9-2020-q2-update.win32_2.0.0.202105311346/tools/bin/../lib/gcc/arm-none-eabi/9.3.1/../../../../arm-none-eabi/lib/thumb/v7e-m+dp/hard\libc_nano.a(lib_a-init.o)
                              d:/stm32cube_ide/stm32cubeide_1.8.0/stm32cubeide/plugins/com.st.stm32cube.ide.mcu.externaltools.gnu-tools-for-stm32.9-2020-q2-update.win32_2.0.0.202105311346/tools/bin/../lib/gcc/arm-none-eabi/9.3.1/../../../../arm-none-eabi/lib/thumb/v7e-m+dp/hard/crt0.o (__libc_init_array)
d:/stm32cube_ide/stm32cubeide_1.8.0/stm32cubeide/plugins/com.st.stm32cube.ide.mcu.externaltools.gnu-tools-for-stm32.9-2020-q2-update.win32_2.0.0.202105311346/tools/bin/../lib/gcc/arm-none-eabi/9.3.1/../../../../arm-none-eabi/lib/thumb/v7e-m+dp/hard\libc_nano.a(lib_a-memset.o)
                              d:/stm32cube_ide/stm32cubeide_1.8.0/stm32cubeide/plugins/com.st.stm32cube.ide.mcu.externaltools.gnu-tools-for-stm32.9-2020-q2-update.win32_2.0.0.202105311346/tools/bin/../lib/gcc/arm-none-eabi/9.3.1/../../../../arm-none-eabi/lib/thumb/v7e-m+dp/hard/crt0.o (memset)
d:/stm32cube_ide/stm32cubeide_1.8.0/stm32cubeide/plugins/com.st.stm32cube.ide.mcu.externaltools.gnu-tools-for-stm32.9-2020-q2-update.win32_2.0.0.202105311346/tools/bin/../lib/gcc/arm-none-eabi/9.3.1/thumb/v7e-m+dp/hard\libgcc.a(_aeabi_uldivmod.o)
                              ./Drivers/STM32H7xx_HAL_Driver/Src/stm32h7xx_hal_uart.o (__aeabi_uldivmod)
d:/stm32cube_ide/stm32cubeide_1.8.0/stm32cubeide/plugins/com.st.stm32cube.ide.mcu.externaltools.gnu-tools-for-stm32.9-2020-q2-update.win32_2.0.0.202105311346/tools/bin/../lib/gcc/arm-none-eabi/9.3.1/thumb/v7e-m+dp/hard\libgcc.a(_udivmoddi4.o)
                              d:/stm32cube_ide/stm32cubeide_1.8.0/stm32cubeide/plugins/com.st.stm32cube.ide.mcu.externaltools.gnu-tools-for-stm32.9-2020-q2-update.win32_2.0.0.202105311346/tools/bin/../lib/gcc/arm-none-eabi/9.3.1/thumb/v7e-m+dp/hard\libgcc.a(_aeabi_uldivmod.o) (__udivmoddi4)
d:/stm32cube_ide/stm32cubeide_1.8.0/stm32cubeide/plugins/com.st.stm32cube.ide.mcu.externaltools.gnu-tools-for-stm32.9-2020-q2-update.win32_2.0.0.202105311346/tools/bin/../lib/gcc/arm-none-eabi/9.3.1/thumb/v7e-m+dp/hard\libgcc.a(_dvmd_tls.o)
                              d:/stm32cube_ide/stm32cubeide_1.8.0/stm32cubeide/plugins/com.st.stm32cube.ide.mcu.externaltools.gnu-tools-for-stm32.9-2020-q2-update.win32_2.0.0.202105311346/tools/bin/../lib/gcc/arm-none-eabi/9.3.1/thumb/v7e-m+dp/hard\libgcc.a(_aeabi_uldivmod.o) (__aeabi_ldiv0)

Allocating common symbols
Common symbol       size              file

htim8               0x4c              ./Core/Src/main.o
YY                  0xa               ./Core/Src/main.o
uwTick              0x4               ./Drivers/STM32H7xx_HAL_Driver/Src/stm32h7xx_hal.o
pFlash              0x1c              ./Drivers/STM32H7xx_HAL_Driver/Src/stm32h7xx_hal_flash.o
ADC_Value           0x1               ./Core/Src/main.o
huart1              0x8c              ./Core/Src/main.o
htim1               0x4c              ./Core/Src/main.o
huart4              0x8c              ./Core/Src/main.o
huart2              0x8c              ./Core/Src/main.o

Discarded input sections

[...]
Memory Configuration

Name             Origin             Length             Attributes
DTCMRAM          0x0000000020000000 0x0000000000020000 xrw
ITCMRAM          0x0000000000000000 0x0000000000010000 xrw
RAM_D1           0x0000000024000000 0x0000000000080000 xrw
RAM_D2           0x0000000030000000 0x0000000000048000 xrw
RAM_D3           0x0000000038000000 0x0000000000010000 xrw
FLASH            0x0000000008000000 0x0000000000200000 xr
*default*        0x0000000000000000 0xffffffffffffffff

Linker script and memory map

LOAD d:/stm32cube_ide/stm32cubeide_1.8.0/stm32cubeide/plugins/com.st.stm32cube.ide.mcu.externaltools.gnu-tools-for-stm32.9-2020-q2-update.win32_2.0.0.202105311346/tools/bin/../lib/gcc/arm-none-eabi/9.3.1/thumb/v7e-m+dp/hard/crti.o
LOAD d:/stm32cube_ide/stm32cubeide_1.8.0/stm32cubeide/plugins/com.st.stm32cube.ide.mcu.externaltools.gnu-tools-for-stm32.9-2020-q2-update.win32_2.0.0.202105311346/tools/bin/../lib/gcc/arm-none-eabi/9.3.1/thumb/v7e-m+dp/hard/crtbegin.o
LOAD d:/stm32cube_ide/stm32cubeide_1.8.0/stm32cubeide/plugins/com.st.stm32cube.ide.mcu.externaltools.gnu-tools-for-stm32.9-2020-q2-update.win32_2.0.0.202105311346/tools/bin/../lib/gcc/arm-none-eabi/9.3.1/../../../../arm-none-eabi/lib/thumb/v7e-m+dp/hard/crt0.o
LOAD ./Core/Src/main.o
LOAD ./Core/Src/stm32h7xx_hal_msp.o
LOAD ./Core/Src/stm32h7xx_it.o
LOAD ./Core/Src/syscalls.o
LOAD ./Core/Src/sysmem.o
LOAD ./Core/Src/system_stm32h7xx.o
LOAD ./Core/Startup/startup_stm32h743zitx.o
LOAD ./Drivers/STM32H7xx_HAL_Driver/Src/stm32h7xx_hal.o
LOAD ./Drivers/STM32H7xx_HAL_Driver/Src/stm32h7xx_hal_cortex.o
LOAD ./Drivers/STM32H7xx_HAL_Driver/Src/stm32h7xx_hal_dma.o
LOAD ./Drivers/STM32H7xx_HAL_Driver/Src/stm32h7xx_hal_dma_ex.o
LOAD ./Drivers/STM32H7xx_HAL_Driver/Src/stm32h7xx_hal_exti.o
LOAD ./Drivers/STM32H7xx_HAL_Driver/Src/stm32h7xx_hal_flash.o
LOAD ./Drivers/STM32H7xx_HAL_Driver/Src/stm32h7xx_hal_flash_ex.o
LOAD ./Drivers/STM32H7xx_HAL_Driver/Src/stm32h7xx_hal_gpio.o
LOAD ./Drivers/STM32H7xx_HAL_Driver/Src/stm32h7xx_hal_hsem.o
LOAD ./Drivers/STM32H7xx_HAL_Driver/Src/stm32h7xx_hal_i2c.o
LOAD ./Drivers/STM32H7xx_HAL_Driver/Src/stm32h7xx_hal_i2c_ex.o
LOAD ./Drivers/STM32H7xx_HAL_Driver/Src/stm32h7xx_hal_mdma.o
LOAD ./Drivers/STM32H7xx_HAL_Driver/Src/stm32h7xx_hal_pwr.o
LOAD ./Drivers/STM32H7xx_HAL_Driver/Src/stm32h7xx_hal_pwr_ex.o
LOAD ./Drivers/STM32H7xx_HAL_Driver/Src/stm32h7xx_hal_rcc.o
LOAD ./Drivers/STM32H7xx_HAL_Driver/Src/stm32h7xx_hal_rcc_ex.o
LOAD ./Drivers/STM32H7xx_HAL_Driver/Src/stm32h7xx_hal_tim.o
LOAD ./Drivers/STM32H7xx_HAL_Driver/Src/stm32h7xx_hal_tim_ex.o
LOAD ./Drivers/STM32H7xx_HAL_Driver/Src/stm32h7xx_hal_uart.o
LOAD ./Drivers/STM32H7xx_HAL_Driver/Src/stm32h7xx_hal_uart_ex.o
START GROUP
LOAD d:/stm32cube_ide/stm32cubeide_1.8.0/stm32cubeide/plugins/com.st.stm32cube.ide.mcu.externaltools.gnu-tools-for-stm32.9-2020-q2-update.win32_2.0.0.202105311346/tools/bin/../lib/gcc/arm-none-eabi/9.3.1/../../../../arm-none-eabi/lib/thumb/v7e-m+dp/hard\libc_nano.a
LOAD d:/stm32cube_ide/stm32cubeide_1.8.0/stm32cubeide/plugins/com.st.stm32cube.ide.mcu.externaltools.gnu-tools-for-stm32.9-2020-q2-update.win32_2.0.0.202105311346/tools/bin/../lib/gcc/arm-none-eabi/9.3.1/../../../../arm-none-eabi/lib/thumb/v7e-m+dp/hard\libm.a
END GROUP
START GROUP
LOAD d:/stm32cube_ide/stm32cubeide_1.8.0/stm32cubeide/plugins/com.st.stm32cube.ide.mcu.externaltools.gnu-tools-for-stm32.9-2020-q2-update.win32_2.0.0.202105311346/tools/bin/../lib/gcc/arm-none-eabi/9.3.1/thumb/v7e-m+dp/hard\libgcc.a
LOAD d:/stm32cube_ide/stm32cubeide_1.8.0/stm32cubeide/plugins/com.st.stm32cube.ide.mcu.externaltools.gnu-tools-for-stm32.9-2020-q2-update.win32_2.0.0.202105311346/tools/bin/../lib/gcc/arm-none-eabi/9.3.1/../../../../arm-none-eabi/lib/thumb/v7e-m+dp/hard\libc_nano.a
END GROUP
START GROUP
LOAD d:/stm32cube_ide/stm32cubeide_1.8.0/stm32cubeide/plugins/com.st.stm32cube.ide.mcu.externaltools.gnu-tools-for-stm32.9-2020-q2-update.win32_2.0.0.202105311346/tools/bin/../lib/gcc/arm-none-eabi/9.3.1/thumb/v7e-m+dp/hard\libgcc.a
LOAD d:/stm32cube_ide/stm32cubeide_1.8.0/stm32cubeide/plugins/com.st.stm32cube.ide.mcu.externaltools.gnu-tools-for-stm32.9-2020-q2-update.win32_2.0.0.202105311346/tools/bin/../lib/gcc/arm-none-eabi/9.3.1/../../../../arm-none-eabi/lib/thumb/v7e-m+dp/hard\libc_nano.a
LOAD d:/stm32cube_ide/stm32cubeide_1.8.0/stm32cubeide/plugins/com.st.stm32cube.ide.mcu.externaltools.gnu-tools-for-stm32.9-2020-q2-update.win32_2.0.0.202105311346/tools/bin/../lib/gcc/arm-none-eabi/9.3.1/../../../../arm-none-eabi/lib/thumb/v7e-m+dp/hard\libnosys.a
END GROUP
START GROUP
LOAD d:/stm32cube_ide/stm32cubeide_1.8.0/stm32cubeide/plugins/com.st.stm32cube.ide.mcu.externaltools.gnu-tools-for-stm32.9-2020-q2-update.win32_2.0.0.202105311346/tools/bin/../lib/gcc/arm-none-eabi/9.3.1/thumb/v7e-m+dp/hard\libgcc.a
LOAD d:/stm32cube_ide/stm32cubeide_1.8.0/stm32cubeide/plugins/com.st.stm32cube.ide.mcu.externaltools.gnu-tools-for-stm32.9-2020-q2-update.win32_2.0.0.202105311346/tools/bin/../lib/gcc/arm-none-eabi/9.3.1/../../../../arm-none-eabi/lib/thumb/v7e-m+dp/hard\libc_nano.a
LOAD d:/stm32cube_ide/stm32cubeide_1.8.0/stm32cubeide/plugins/com.st.stm32cube.ide.mcu.externaltools.gnu-tools-for-stm32.9-2020-q2-update.win32_2.0.0.202105311346/tools/bin/../lib/gcc/arm-none-eabi/9.3.1/../../../../arm-none-eabi/lib/thumb/v7e-m+dp/hard\libnosys.a
END GROUP
LOAD d:/stm32cube_ide/stm32cubeide_1.8.0/stm32cubeide/plugins/com.st.stm32cube.ide.mcu.externaltools.gnu-tools-for-stm32.9-2020-q2-update.win32_2.0.0.202105311346/tools/bin/../lib/gcc/arm-none-eabi/9.3.1/thumb/v7e-m+dp/hard/crtend.o
LOAD d:/stm32cube_ide/stm32cubeide_1.8.0/stm32cubeide/plugins/com.st.stm32cube.ide.mcu.externaltools.gnu-tools-for-stm32.9-2020-q2-update.win32_2.0.0.202105311346/tools/bin/../lib/gcc/arm-none-eabi/9.3.1/thumb/v7e-m+dp/hard/crtn.o
                0x0000000024080000                _estack = (ORIGIN (RAM_D1) + LENGTH (RAM_D1))
                0x0000000000000200                _Min_Heap_Size = 0x200
                0x0000000000000400                _Min_Stack_Size = 0x400

.isr_vector     0x0000000008000000      0x298
                0x0000000008000000                . = ALIGN (0x4)
 *(.isr_vector)
 .isr_vector    0x0000000008000000      0x298 ./Core/Startup/startup_stm32h743zitx.o
                0x0000000008000000                g_pfnVectors
                0x0000000008000298                . = ALIGN (0x4)

.text           0x0000000008000298     0x6760
                0x0000000008000298                . = ALIGN (0x4)
 *(.text)
 .text          0x0000000008000298       0x40 d:/stm32cube_ide/stm32cubeide_1.8.0/stm32cubeide/plugins/com.st.stm32cube.ide.mcu.externaltools.gnu-tools-for-stm32.9-2020-q2-update.win32_2.0.0.202105311346/tools/bin/../lib/gcc/arm-none-eabi/9.3.1/thumb/v7e-m+dp/hard/crtbegin.o
 .text          0x00000000080002d8       0x30 d:/stm32cube_ide/stm32cubeide_1.8.0/stm32cubeide/plugins/com.st.stm32cube.ide.mcu.externaltools.gnu-tools-for-stm32.9-2020-q2-update.win32_2.0.0.202105311346/tools/bin/../lib/gcc/arm-none-eabi/9.3.1/thumb/v7e-m+dp/hard\libgcc.a(_aeabi_uldivmod.o)
                0x00000000080002d8                __aeabi_uldivmod
 .text          0x0000000008000308      0x2c4 d:/stm32cube_ide/stm32cubeide_1.8.0/stm32cubeide/plugins/com.st.stm32cube.ide.mcu.externaltools.gnu-tools-for-stm32.9-2020-q2-update.win32_2.0.0.202105311346/tools/bin/../lib/gcc/arm-none-eabi/9.3.1/thumb/v7e-m+dp/hard\libgcc.a(_udivmoddi4.o)
                0x0000000008000308                __udivmoddi4
 .text          0x00000000080005cc        0x4 d:/stm32cube_ide/stm32cubeide_1.8.0/stm32cubeide/plugins/com.st.stm32cube.ide.mcu.externaltools.gnu-tools-for-stm32.9-2020-q2-update.win32_2.0.0.202105311346/tools/bin/../lib/gcc/arm-none-eabi/9.3.1/thumb/v7e-m+dp/hard\libgcc.a(_dvmd_tls.o)
                0x00000000080005cc                __aeabi_idiv0
                0x00000000080005cc                __aeabi_ldiv0
 *(.text*)
 .text.main     0x00000000080005d0       0xc4 ./Core/Src/main.o
                0x00000000080005d0                main
 .text.SystemClock_Config
                0x0000000008000694      0x16c ./Core/Src/main.o
                0x0000000008000694                SystemClock_Config
 .text.MX_TIM1_Init
                0x0000000008000800      0x1a0 ./Core/Src/main.o
 .text.MX_TIM8_Init
                0x00000000080009a0      0x1a0 ./Core/Src/main.o
 .text.MX_UART4_Init
                0x0000000008000b40       0x98 ./Core/Src/main.o
 .text.MX_USART1_UART_Init
                0x0000000008000bd8       0x98 ./Core/Src/main.o
 .text.MX_USART2_UART_Init
                0x0000000008000c70       0x98 ./Core/Src/main.o
 .text.MX_GPIO_Init
                0x0000000008000d08      0x2b0 ./Core/Src/main.o
 .text.Error_Handler
                0x0000000008000fb8        0xa ./Core/Src/main.o
                0x0000000008000fb8                Error_Handler
 *fill*         0x0000000008000fc2        0x2 
 .text.HAL_MspInit
                0x0000000008000fc4       0x34 ./Core/Src/stm32h7xx_hal_msp.o
                0x0000000008000fc4                HAL_MspInit
 .text.HAL_TIM_Base_MspInit
                0x0000000008000ff8       0x74 ./Core/Src/stm32h7xx_hal_msp.o
                0x0000000008000ff8                HAL_TIM_Base_MspInit
 .text.HAL_TIM_MspPostInit
                0x000000000800106c       0xcc ./Core/Src/stm32h7xx_hal_msp.o
                0x000000000800106c                HAL_TIM_MspPostInit
 .text.HAL_UART_MspInit
                0x0000000008001138      0x170 ./Core/Src/stm32h7xx_hal_msp.o
                0x0000000008001138                HAL_UART_MspInit
 .text.NMI_Handler
                0x00000000080012a8        0xa ./Core/Src/stm32h7xx_it.o
                0x00000000080012a8                NMI_Handler
 .text.HardFault_Handler
                0x00000000080012b2        0x6 ./Core/Src/stm32h7xx_it.o
                0x00000000080012b2                HardFault_Handler
 .text.MemManage_Handler
                0x00000000080012b8        0x6 ./Core/Src/stm32h7xx_it.o
                0x00000000080012b8                MemManage_Handler
 .text.BusFault_Handler
                0x00000000080012be        0x6 ./Core/Src/stm32h7xx_it.o
                0x00000000080012be                BusFault_Handler
 .text.UsageFault_Handler
                0x00000000080012c4        0x6 ./Core/Src/stm32h7xx_it.o
                0x00000000080012c4                UsageFault_Handler
 .text.SVC_Handler
                0x00000000080012ca        0xe ./Core/Src/stm32h7xx_it.o
                0x00000000080012ca                SVC_Handler
 .text.DebugMon_Handler
                0x00000000080012d8        0xe ./Core/Src/stm32h7xx_it.o
                0x00000000080012d8                DebugMon_Handler
 .text.PendSV_Handler
                0x00000000080012e6        0xe ./Core/Src/stm32h7xx_it.o
                0x00000000080012e6                PendSV_Handler
 .text.SysTick_Handler
                0x00000000080012f4        0xc ./Core/Src/stm32h7xx_it.o
                0x00000000080012f4                SysTick_Handler
 .text.EXTI15_10_IRQHandler
                0x0000000008001300       0x18 ./Core/Src/stm32h7xx_it.o
                0x0000000008001300                EXTI15_10_IRQHandler
 .text.SystemInit
                0x0000000008001318      0x118 ./Core/Src/system_stm32h7xx.o
                0x0000000008001318                SystemInit
 .text.Reset_Handler
                0x0000000008001430       0x50 ./Core/Startup/startup_stm32h743zitx.o
                0x0000000008001430                Reset_Handler
 .text.Default_Handler
                0x0000000008001480        0x2 ./Core/Startup/startup_stm32h743zitx.o
                0x0000000008001480                RTC_Alarm_IRQHandler
                0x0000000008001480                EXTI2_IRQHandler
                0x0000000008001480                TIM8_CC_IRQHandler
                0x0000000008001480                HRTIM1_Master_IRQHandler
                0x0000000008001480                UART8_IRQHandler
                0x0000000008001480                SPI4_IRQHandler
                0x0000000008001480                TIM1_CC_IRQHandler
                0x0000000008001480                BDMA_Channel6_IRQHandler
                0x0000000008001480                DMA2_Stream5_IRQHandler
                0x0000000008001480                HRTIM1_FLT_IRQHandler
                0x0000000008001480                JPEG_IRQHandler
                0x0000000008001480                DMA1_Stream5_IRQHandler
                0x0000000008001480                BDMA_Channel1_IRQHandler
                0x0000000008001480                HRTIM1_TIMD_IRQHandler
                0x0000000008001480                TAMP_STAMP_IRQHandler
                0x0000000008001480                EXTI3_IRQHandler
                0x0000000008001480                LPTIM4_IRQHandler
                0x0000000008001480                TIM8_TRG_COM_TIM14_IRQHandler
                0x0000000008001480                LPTIM2_IRQHandler
                0x0000000008001480                DFSDM1_FLT1_IRQHandler
                0x0000000008001480                DMAMUX2_OVR_IRQHandler
                0x0000000008001480                TIM8_UP_TIM13_IRQHandler
                0x0000000008001480                I2C3_ER_IRQHandler
                0x0000000008001480                DFSDM1_FLT2_IRQHandler
                0x0000000008001480                MDMA_IRQHandler
                0x0000000008001480                LPTIM3_IRQHandler
                0x0000000008001480                HSEM1_IRQHandler
                0x0000000008001480                EXTI0_IRQHandler
                0x0000000008001480                I2C2_EV_IRQHandler
                0x0000000008001480                DMA1_Stream2_IRQHandler
                0x0000000008001480                FPU_IRQHandler
                0x0000000008001480                OTG_HS_WKUP_IRQHandler
                0x0000000008001480                FDCAN1_IT1_IRQHandler
                0x0000000008001480                LTDC_ER_IRQHandler
                0x0000000008001480                DMA2_Stream2_IRQHandler
                0x0000000008001480                HRTIM1_TIME_IRQHandler
                0x0000000008001480                SPI1_IRQHandler
                0x0000000008001480                TIM6_DAC_IRQHandler
                0x0000000008001480                DCMI_IRQHandler
                0x0000000008001480                HRTIM1_TIMC_IRQHandler
                0x0000000008001480                DMA2_Stream3_IRQHandler
                0x0000000008001480                SAI2_IRQHandler
                0x0000000008001480                DFSDM1_FLT3_IRQHandler
                0x0000000008001480                USART6_IRQHandler
                0x0000000008001480                TIM17_IRQHandler
                0x0000000008001480                USART3_IRQHandler
                0x0000000008001480                BDMA_Channel7_IRQHandler
                0x0000000008001480                LPTIM5_IRQHandler
                0x0000000008001480                UART5_IRQHandler
                0x0000000008001480                ADC3_IRQHandler
                0x0000000008001480                DMA2_Stream0_IRQHandler
                0x0000000008001480                TIM4_IRQHandler
                0x0000000008001480                BDMA_Channel2_IRQHandler
                0x0000000008001480                QUADSPI_IRQHandler
                0x0000000008001480                I2C1_EV_IRQHandler
                0x0000000008001480                DMA1_Stream6_IRQHandler
                0x0000000008001480                DMAMUX1_OVR_IRQHandler
                0x0000000008001480                DMA1_Stream1_IRQHandler
                0x0000000008001480                TIM16_IRQHandler
                0x0000000008001480                UART4_IRQHandler
                0x0000000008001480                BDMA_Channel5_IRQHandler
                0x0000000008001480                TIM3_IRQHandler
                0x0000000008001480                RCC_IRQHandler
                0x0000000008001480                TIM8_BRK_TIM12_IRQHandler
                0x0000000008001480                TIM1_TRG_COM_IRQHandler
                0x0000000008001480                Default_Handler
                0x0000000008001480                ECC_IRQHandler
                0x0000000008001480                CEC_IRQHandler
                0x0000000008001480                BDMA_Channel0_IRQHandler
                0x0000000008001480                ADC_IRQHandler
                0x0000000008001480                DMA1_Stream7_IRQHandler
                0x0000000008001480                HRTIM1_TIMA_IRQHandler
                0x0000000008001480                SPI5_IRQHandler
                0x0000000008001480                TIM7_IRQHandler
                0x0000000008001480                SDMMC1_IRQHandler
                0x0000000008001480                TIM5_IRQHandler
                0x0000000008001480                DMA2_Stream7_IRQHandler
                0x0000000008001480                TIM15_IRQHandler
                0x0000000008001480                PVD_AVD_IRQHandler
                0x0000000008001480                I2C3_EV_IRQHandler
                0x0000000008001480                EXTI9_5_IRQHandler
                0x0000000008001480                RTC_WKUP_IRQHandler
                0x0000000008001480                LTDC_IRQHandler
                0x0000000008001480                SAI3_IRQHandler
                0x0000000008001480                ETH_WKUP_IRQHandler
                0x0000000008001480                SPDIF_RX_IRQHandler
                0x0000000008001480                SPI2_IRQHandler
                0x0000000008001480                OTG_HS_EP1_IN_IRQHandler
                0x0000000008001480                DMA1_Stream0_IRQHandler
                0x0000000008001480                CRS_IRQHandler
                0x0000000008001480                EXTI4_IRQHandler
                0x0000000008001480                RNG_IRQHandler
                0x0000000008001480                HRTIM1_TIMB_IRQHandler
                0x0000000008001480                FDCAN2_IT1_IRQHandler
                0x0000000008001480                ETH_IRQHandler
                0x0000000008001480                TIM1_UP_IRQHandler
                0x0000000008001480                BDMA_Channel4_IRQHandler
                0x0000000008001480                OTG_HS_EP1_OUT_IRQHandler
                0x0000000008001480                WWDG_IRQHandler
                0x0000000008001480                SPI6_IRQHandler
                0x0000000008001480                MDIOS_IRQHandler
                0x0000000008001480                I2C4_EV_IRQHandler
                0x0000000008001480                FDCAN2_IT0_IRQHandler
                0x0000000008001480                LPUART1_IRQHandler
                0x0000000008001480                FDCAN1_IT0_IRQHandler
                0x0000000008001480                TIM2_IRQHandler
                0x0000000008001480                OTG_FS_WKUP_IRQHandler
                0x0000000008001480                OTG_HS_IRQHandler
                0x0000000008001480                DMA2D_IRQHandler
                0x0000000008001480                TIM1_BRK_IRQHandler
                0x0000000008001480                EXTI1_IRQHandler
                0x0000000008001480                SDMMC2_IRQHandler
                0x0000000008001480                OTG_FS_EP1_OUT_IRQHandler
                0x0000000008001480                BDMA_Channel3_IRQHandler
                0x0000000008001480                UART7_IRQHandler
                0x0000000008001480                MDIOS_WKUP_IRQHandler
                0x0000000008001480                USART2_IRQHandler
                0x0000000008001480                DFSDM1_FLT0_IRQHandler
                0x0000000008001480                SAI4_IRQHandler
                0x0000000008001480                I2C2_ER_IRQHandler
                0x0000000008001480                DMA2_Stream1_IRQHandler
                0x0000000008001480                FLASH_IRQHandler
                0x0000000008001480                DMA2_Stream4_IRQHandler
                0x0000000008001480                USART1_IRQHandler
                0x0000000008001480                OTG_FS_IRQHandler
                0x0000000008001480                SPI3_IRQHandler
                0x0000000008001480                WAKEUP_PIN_IRQHandler
                0x0000000008001480                DMA1_Stream4_IRQHandler
                0x0000000008001480                OTG_FS_EP1_IN_IRQHandler
                0x0000000008001480                I2C1_ER_IRQHandler
                0x0000000008001480                FMC_IRQHandler
                0x0000000008001480                FDCAN_CAL_IRQHandler
                0x0000000008001480                SWPMI1_IRQHandler
                0x0000000008001480                COMP1_IRQHandler
                0x0000000008001480                LPTIM1_IRQHandler
                0x0000000008001480                I2C4_ER_IRQHandler
                0x0000000008001480                DMA2_Stream6_IRQHandler
                0x0000000008001480                SAI1_IRQHandler
                0x0000000008001480                DMA1_Stream3_IRQHandler
 *fill*         0x0000000008001482        0x2 
 .text.HAL_Init
                0x0000000008001484       0x78 ./Drivers/STM32H7xx_HAL_Driver/Src/stm32h7xx_hal.o
                0x0000000008001484                HAL_Init
 .text.HAL_InitTick
                0x00000000080014fc       0x6c ./Drivers/STM32H7xx_HAL_Driver/Src/stm32h7xx_hal.o
                0x00000000080014fc                HAL_InitTick
 .text.HAL_IncTick
                0x0000000008001568       0x28 ./Drivers/STM32H7xx_HAL_Driver/Src/stm32h7xx_hal.o
                0x0000000008001568                HAL_IncTick
 .text.HAL_GetTick
                0x0000000008001590       0x18 ./Drivers/STM32H7xx_HAL_Driver/Src/stm32h7xx_hal.o
                0x0000000008001590                HAL_GetTick
 .text.HAL_GetREVID
                0x00000000080015a8       0x18 ./Drivers/STM32H7xx_HAL_Driver/Src/stm32h7xx_hal.o
                0x00000000080015a8                HAL_GetREVID
 .text.__NVIC_SetPriorityGrouping
                0x00000000080015c0       0x48 ./Drivers/STM32H7xx_HAL_Driver/Src/stm32h7xx_hal_cortex.o
 .text.__NVIC_GetPriorityGrouping
                0x0000000008001608       0x1c ./Drivers/STM32H7xx_HAL_Driver/Src/stm32h7xx_hal_cortex.o
 .text.__NVIC_EnableIRQ
                0x0000000008001624       0x3c ./Drivers/STM32H7xx_HAL_Driver/Src/stm32h7xx_hal_cortex.o
 .text.__NVIC_SetPriority
                0x0000000008001660       0x54 ./Drivers/STM32H7xx_HAL_Driver/Src/stm32h7xx_hal_cortex.o
 .text.NVIC_EncodePriority
                0x00000000080016b4       0x66 ./Drivers/STM32H7xx_HAL_Driver/Src/stm32h7xx_hal_cortex.o
 *fill*         0x000000000800171a        0x2 
 .text.SysTick_Config
                0x000000000800171c       0x44 ./Drivers/STM32H7xx_HAL_Driver/Src/stm32h7xx_hal_cortex.o
 .text.HAL_NVIC_SetPriorityGrouping
                0x0000000008001760       0x16 ./Drivers/STM32H7xx_HAL_Driver/Src/stm32h7xx_hal_cortex.o
                0x0000000008001760                HAL_NVIC_SetPriorityGrouping
 .text.HAL_NVIC_SetPriority
                0x0000000008001776       0x34 ./Drivers/STM32H7xx_HAL_Driver/Src/stm32h7xx_hal_cortex.o
                0x0000000008001776                HAL_NVIC_SetPriority
 .text.HAL_NVIC_EnableIRQ
                0x00000000080017aa       0x1c ./Drivers/STM32H7xx_HAL_Driver/Src/stm32h7xx_hal_cortex.o
                0x00000000080017aa                HAL_NVIC_EnableIRQ
 .text.HAL_SYSTICK_Config
                0x00000000080017c6       0x18 ./Drivers/STM32H7xx_HAL_Driver/Src/stm32h7xx_hal_cortex.o
                0x00000000080017c6                HAL_SYSTICK_Config
 *fill*         0x00000000080017de        0x2 
 .text.HAL_GPIO_Init
                0x00000000080017e0      0x360 ./Drivers/STM32H7xx_HAL_Driver/Src/stm32h7xx_hal_gpio.o
                0x00000000080017e0                HAL_GPIO_Init
 .text.HAL_GPIO_WritePin
                0x0000000008001b40       0x32 ./Drivers/STM32H7xx_HAL_Driver/Src/stm32h7xx_hal_gpio.o
                0x0000000008001b40                HAL_GPIO_WritePin
 .text.HAL_GPIO_EXTI_IRQHandler
                0x0000000008001b72       0x34 ./Drivers/STM32H7xx_HAL_Driver/Src/stm32h7xx_hal_gpio.o
                0x0000000008001b72                HAL_GPIO_EXTI_IRQHandler
 .text.HAL_GPIO_EXTI_Callback
                0x0000000008001ba6       0x16 ./Drivers/STM32H7xx_HAL_Driver/Src/stm32h7xx_hal_gpio.o
                0x0000000008001ba6                HAL_GPIO_EXTI_Callback
 .text.HAL_PWREx_ConfigSupply
                0x0000000008001bbc       0x74 ./Drivers/STM32H7xx_HAL_Driver/Src/stm32h7xx_hal_pwr_ex.o
                0x0000000008001bbc                HAL_PWREx_ConfigSupply
 .text.HAL_RCC_OscConfig
                0x0000000008001c30      0x820 ./Drivers/STM32H7xx_HAL_Driver/Src/stm32h7xx_hal_rcc.o
                0x0000000008001c30                HAL_RCC_OscConfig
 .text.HAL_RCC_ClockConfig
                0x0000000008002450      0x36c ./Drivers/STM32H7xx_HAL_Driver/Src/stm32h7xx_hal_rcc.o
                0x0000000008002450                HAL_RCC_ClockConfig
 .text.HAL_RCC_EnableCSS
                0x00000000080027bc       0x20 ./Drivers/STM32H7xx_HAL_Driver/Src/stm32h7xx_hal_rcc.o
                0x00000000080027bc                HAL_RCC_EnableCSS
 .text.HAL_RCC_GetSysClockFreq
                0x00000000080027dc      0x2f4 ./Drivers/STM32H7xx_HAL_Driver/Src/stm32h7xx_hal_rcc.o
                0x00000000080027dc                HAL_RCC_GetSysClockFreq
 .text.HAL_RCC_GetHCLKFreq
                0x0000000008002ad0       0x60 ./Drivers/STM32H7xx_HAL_Driver/Src/stm32h7xx_hal_rcc.o
                0x0000000008002ad0                HAL_RCC_GetHCLKFreq
 .text.HAL_RCC_GetPCLK1Freq
                0x0000000008002b30       0x2c ./Drivers/STM32H7xx_HAL_Driver/Src/stm32h7xx_hal_rcc.o
                0x0000000008002b30                HAL_RCC_GetPCLK1Freq
 .text.HAL_RCC_GetPCLK2Freq
                0x0000000008002b5c       0x2c ./Drivers/STM32H7xx_HAL_Driver/Src/stm32h7xx_hal_rcc.o
                0x0000000008002b5c                HAL_RCC_GetPCLK2Freq
 .text.HAL_RCC_NMI_IRQHandler
                0x0000000008002b88       0x28 ./Drivers/STM32H7xx_HAL_Driver/Src/stm32h7xx_hal_rcc.o
                0x0000000008002b88                HAL_RCC_NMI_IRQHandler
 .text.HAL_RCC_CSSCallback
                0x0000000008002bb0        0xe ./Drivers/STM32H7xx_HAL_Driver/Src/stm32h7xx_hal_rcc.o
                0x0000000008002bb0                HAL_RCC_CSSCallback
 *fill*         0x0000000008002bbe        0x2 
 .text.HAL_RCCEx_PeriphCLKConfig
                0x0000000008002bc0      0xe60 ./Drivers/STM32H7xx_HAL_Driver/Src/stm32h7xx_hal_rcc_ex.o
                0x0000000008002bc0                HAL_RCCEx_PeriphCLKConfig
 .text.HAL_RCCEx_GetD3PCLK1Freq
                0x0000000008003a20       0x2c ./Drivers/STM32H7xx_HAL_Driver/Src/stm32h7xx_hal_rcc_ex.o
                0x0000000008003a20                HAL_RCCEx_GetD3PCLK1Freq
 .text.HAL_RCCEx_GetPLL2ClockFreq
                0x0000000008003a4c      0x2a8 ./Drivers/STM32H7xx_HAL_Driver/Src/stm32h7xx_hal_rcc_ex.o
                0x0000000008003a4c                HAL_RCCEx_GetPLL2ClockFreq
 .text.HAL_RCCEx_GetPLL3ClockFreq
                0x0000000008003cf4      0x2a8 ./Drivers/STM32H7xx_HAL_Driver/Src/stm32h7xx_hal_rcc_ex.o
                0x0000000008003cf4                HAL_RCCEx_GetPLL3ClockFreq
 .text.RCCEx_PLL2_Config
                0x0000000008003f9c      0x164 ./Drivers/STM32H7xx_HAL_Driver/Src/stm32h7xx_hal_rcc_ex.o
 .text.RCCEx_PLL3_Config
                0x0000000008004100      0x164 ./Drivers/STM32H7xx_HAL_Driver/Src/stm32h7xx_hal_rcc_ex.o
 .text.HAL_TIM_Base_Init
                0x0000000008004264       0xae ./Drivers/STM32H7xx_HAL_Driver/Src/stm32h7xx_hal_tim.o
                0x0000000008004264                HAL_TIM_Base_Init
 .text.HAL_TIM_PWM_Init
                0x0000000008004312       0xae ./Drivers/STM32H7xx_HAL_Driver/Src/stm32h7xx_hal_tim.o
                0x0000000008004312                HAL_TIM_PWM_Init
 .text.HAL_TIM_PWM_MspInit
                0x00000000080043c0       0x14 ./Drivers/STM32H7xx_HAL_Driver/Src/stm32h7xx_hal_tim.o
                0x00000000080043c0                HAL_TIM_PWM_MspInit
 .text.HAL_TIM_PWM_Start
                0x00000000080043d4      0x1a4 ./Drivers/STM32H7xx_HAL_Driver/Src/stm32h7xx_hal_tim.o
                0x00000000080043d4                HAL_TIM_PWM_Start
 .text.HAL_TIM_PWM_ConfigChannel
                0x0000000008004578      0x220 ./Drivers/STM32H7xx_HAL_Driver/Src/stm32h7xx_hal_tim.o
                0x0000000008004578                HAL_TIM_PWM_ConfigChannel
 .text.HAL_TIM_ConfigClockSource
                0x0000000008004798      0x1e8 ./Drivers/STM32H7xx_HAL_Driver/Src/stm32h7xx_hal_tim.o
                0x0000000008004798                HAL_TIM_ConfigClockSource
 .text.TIM_Base_SetConfig
                0x0000000008004980      0x134 ./Drivers/STM32H7xx_HAL_Driver/Src/stm32h7xx_hal_tim.o
                0x0000000008004980                TIM_Base_SetConfig
 .text.TIM_OC1_SetConfig
                0x0000000008004ab4      0x120 ./Drivers/STM32H7xx_HAL_Driver/Src/stm32h7xx_hal_tim.o
 .text.TIM_OC2_SetConfig
                0x0000000008004bd4      0x114 ./Drivers/STM32H7xx_HAL_Driver/Src/stm32h7xx_hal_tim.o
                0x0000000008004bd4                TIM_OC2_SetConfig
 .text.TIM_OC3_SetConfig
                0x0000000008004ce8      0x10c ./Drivers/STM32H7xx_HAL_Driver/Src/stm32h7xx_hal_tim.o
 .text.TIM_OC4_SetConfig
                0x0000000008004df4       0xd0 ./Drivers/STM32H7xx_HAL_Driver/Src/stm32h7xx_hal_tim.o
 .text.TIM_OC5_SetConfig
                0x0000000008004ec4       0xc4 ./Drivers/STM32H7xx_HAL_Driver/Src/stm32h7xx_hal_tim.o
 .text.TIM_OC6_SetConfig
                0x0000000008004f88       0xc8 ./Drivers/STM32H7xx_HAL_Driver/Src/stm32h7xx_hal_tim.o
 .text.TIM_TI1_ConfigInputStage
                0x0000000008005050       0x5e ./Drivers/STM32H7xx_HAL_Driver/Src/stm32h7xx_hal_tim.o
 .text.TIM_TI2_ConfigInputStage
                0x00000000080050ae       0x60 ./Drivers/STM32H7xx_HAL_Driver/Src/stm32h7xx_hal_tim.o
 *fill*         0x000000000800510e        0x2 
 .text.TIM_ITRx_SetConfig
                0x0000000008005110       0x3c ./Drivers/STM32H7xx_HAL_Driver/Src/stm32h7xx_hal_tim.o
 .text.TIM_ETR_SetConfig
                0x000000000800514c       0x40 ./Drivers/STM32H7xx_HAL_Driver/Src/stm32h7xx_hal_tim.o
                0x000000000800514c                TIM_ETR_SetConfig
 .text.TIM_CCxChannelCmd
                0x000000000800518c       0x4a ./Drivers/STM32H7xx_HAL_Driver/Src/stm32h7xx_hal_tim.o
                0x000000000800518c                TIM_CCxChannelCmd
 *fill*         0x00000000080051d6        0x2 
 .text.HAL_TIMEx_MasterConfigSynchronization
                0x00000000080051d8      0x110 ./Drivers/STM32H7xx_HAL_Driver/Src/stm32h7xx_hal_tim_ex.o
                0x00000000080051d8                HAL_TIMEx_MasterConfigSynchronization
 .text.HAL_TIMEx_ConfigBreakDeadTime
                0x00000000080052e8       0xfc ./Drivers/STM32H7xx_HAL_Driver/Src/stm32h7xx_hal_tim_ex.o
                0x00000000080052e8                HAL_TIMEx_ConfigBreakDeadTime
 .text.HAL_UART_Init
                0x00000000080053e4       0xa0 ./Drivers/STM32H7xx_HAL_Driver/Src/stm32h7xx_hal_uart.o
                0x00000000080053e4                HAL_UART_Init
 .text.HAL_UART_Receive_IT
                0x0000000008005484      0x1b0 ./Drivers/STM32H7xx_HAL_Driver/Src/stm32h7xx_hal_uart.o
                0x0000000008005484                HAL_UART_Receive_IT
 .text.HAL_UART_RxCpltCallback
                0x0000000008005634       0x14 ./Drivers/STM32H7xx_HAL_Driver/Src/stm32h7xx_hal_uart.o
                0x0000000008005634                HAL_UART_RxCpltCallback
 .text.UART_SetConfig
                0x0000000008005648      0xacc ./Drivers/STM32H7xx_HAL_Driver/Src/stm32h7xx_hal_uart.o
                0x0000000008005648                UART_SetConfig
 .text.UART_AdvFeatureConfig
                0x0000000008006114      0x144 ./Drivers/STM32H7xx_HAL_Driver/Src/stm32h7xx_hal_uart.o
                0x0000000008006114                UART_AdvFeatureConfig
 .text.UART_CheckIdleState
                0x0000000008006258       0x90 ./Drivers/STM32H7xx_HAL_Driver/Src/stm32h7xx_hal_uart.o
                0x0000000008006258                UART_CheckIdleState
 .text.UART_WaitOnFlagUntilTimeout
                0x00000000080062e8      0x100 ./Drivers/STM32H7xx_HAL_Driver/Src/stm32h7xx_hal_uart.o
                0x00000000080062e8                UART_WaitOnFlagUntilTimeout
 .text.UART_RxISR_8BIT
                0x00000000080063e8       0xaa ./Drivers/STM32H7xx_HAL_Driver/Src/stm32h7xx_hal_uart.o
 .text.UART_RxISR_16BIT
                0x0000000008006492       0xaa ./Drivers/STM32H7xx_HAL_Driver/Src/stm32h7xx_hal_uart.o
 .text.UART_RxISR_8BIT_FIFOEN
                0x000000000800653c      0x108 ./Drivers/STM32H7xx_HAL_Driver/Src/stm32h7xx_hal_uart.o
 .text.UART_RxISR_16BIT_FIFOEN
                0x0000000008006644      0x108 ./Drivers/STM32H7xx_HAL_Driver/Src/stm32h7xx_hal_uart.o
 .text.HAL_UARTEx_DisableFifoMode
                0x000000000800674c       0x72 ./Drivers/STM32H7xx_HAL_Driver/Src/stm32h7xx_hal_uart_ex.o
                0x000000000800674c                HAL_UARTEx_DisableFifoMode
 .text.HAL_UARTEx_SetTxFifoThreshold
                0x00000000080067be       0x7c ./Drivers/STM32H7xx_HAL_Driver/Src/stm32h7xx_hal_uart_ex.o
                0x00000000080067be                HAL_UARTEx_SetTxFifoThreshold
 .text.HAL_UARTEx_SetRxFifoThreshold
                0x000000000800683a       0x7c ./Drivers/STM32H7xx_HAL_Driver/Src/stm32h7xx_hal_uart_ex.o
                0x000000000800683a                HAL_UARTEx_SetRxFifoThreshold
 *fill*         0x00000000080068b6        0x2 
 .text.UARTEx_SetNbDataToProcess
                0x00000000080068b8       0xd0 ./Drivers/STM32H7xx_HAL_Driver/Src/stm32h7xx_hal_uart_ex.o
 .text.__libc_init_array
                0x0000000008006988       0x48 d:/stm32cube_ide/stm32cubeide_1.8.0/stm32cubeide/plugins/com.st.stm32cube.ide.mcu.externaltools.gnu-tools-for-stm32.9-2020-q2-update.win32_2.0.0.202105311346/tools/bin/../lib/gcc/arm-none-eabi/9.3.1/../../../../arm-none-eabi/lib/thumb/v7e-m+dp/hard\libc_nano.a(lib_a-init.o)
                0x0000000008006988                __libc_init_array
 .text.memset   0x00000000080069d0       0x10 d:/stm32cube_ide/stm32cubeide_1.8.0/stm32cubeide/plugins/com.st.stm32cube.ide.mcu.externaltools.gnu-tools-for-stm32.9-2020-q2-update.win32_2.0.0.202105311346/tools/bin/../lib/gcc/arm-none-eabi/9.3.1/../../../../arm-none-eabi/lib/thumb/v7e-m+dp/hard\libc_nano.a(lib_a-memset.o)
                0x00000000080069d0                memset
 *(.glue_7)
 .glue_7        0x00000000080069e0        0x0 linker stubs
 *(.glue_7t)
 .glue_7t       0x00000000080069e0        0x0 linker stubs
 *(.eh_frame)
 .eh_frame      0x00000000080069e0        0x0 d:/stm32cube_ide/stm32cubeide_1.8.0/stm32cubeide/plugins/com.st.stm32cube.ide.mcu.externaltools.gnu-tools-for-stm32.9-2020-q2-update.win32_2.0.0.202105311346/tools/bin/../lib/gcc/arm-none-eabi/9.3.1/thumb/v7e-m+dp/hard/crtbegin.o
 *(.init)
 .init          0x00000000080069e0        0x4 d:/stm32cube_ide/stm32cubeide_1.8.0/stm32cubeide/plugins/com.st.stm32cube.ide.mcu.externaltools.gnu-tools-for-stm32.9-2020-q2-update.win32_2.0.0.202105311346/tools/bin/../lib/gcc/arm-none-eabi/9.3.1/thumb/v7e-m+dp/hard/crti.o
                0x00000000080069e0                _init
 .init          0x00000000080069e4        0x8 d:/stm32cube_ide/stm32cubeide_1.8.0/stm32cubeide/plugins/com.st.stm32cube.ide.mcu.externaltools.gnu-tools-for-stm32.9-2020-q2-update.win32_2.0.0.202105311346/tools/bin/../lib/gcc/arm-none-eabi/9.3.1/thumb/v7e-m+dp/hard/crtn.o
 *(.fini)
 .fini          0x00000000080069ec        0x4 d:/stm32cube_ide/stm32cubeide_1.8.0/stm32cubeide/plugins/com.st.stm32cube.ide.mcu.externaltools.gnu-tools-for-stm32.9-2020-q2-update.win32_2.0.0.202105311346/tools/bin/../lib/gcc/arm-none-eabi/9.3.1/thumb/v7e-m+dp/hard/crti.o
                0x00000000080069ec                _fini
 .fini          0x00000000080069f0        0x8 d:/stm32cube_ide/stm32cubeide_1.8.0/stm32cubeide/plugins/com.st.stm32cube.ide.mcu.externaltools.gnu-tools-for-stm32.9-2020-q2-update.win32_2.0.0.202105311346/tools/bin/../lib/gcc/arm-none-eabi/9.3.1/thumb/v7e-m+dp/hard/crtn.o
                0x00000000080069f8                . = ALIGN (0x4)
                0x00000000080069f8                _etext = .

.vfp11_veneer   0x00000000080069f8        0x0
 .vfp11_veneer  0x00000000080069f8        0x0 linker stubs

.v4_bx          0x00000000080069f8        0x0
 .v4_bx         0x00000000080069f8        0x0 linker stubs

.iplt           0x00000000080069f8        0x0
 .iplt          0x00000000080069f8        0x0 d:/stm32cube_ide/stm32cubeide_1.8.0/stm32cubeide/plugins/com.st.stm32cube.ide.mcu.externaltools.gnu-tools-for-stm32.9-2020-q2-update.win32_2.0.0.202105311346/tools/bin/../lib/gcc/arm-none-eabi/9.3.1/thumb/v7e-m+dp/hard/crtbegin.o

.rodata         0x00000000080069f8       0x38
                0x00000000080069f8                . = ALIGN (0x4)
 *(.rodata)
 .rodata        0x00000000080069f8       0x10 ./Drivers/STM32H7xx_HAL_Driver/Src/stm32h7xx_hal_uart_ex.o
 *(.rodata*)
 .rodata.D1CorePrescTable
                0x0000000008006a08       0x10 ./Core/Src/system_stm32h7xx.o
                0x0000000008006a08                D1CorePrescTable
 .rodata.UARTPrescTable
                0x0000000008006a18       0x18 ./Drivers/STM32H7xx_HAL_Driver/Src/stm32h7xx_hal_uart.o
                0x0000000008006a18                UARTPrescTable
                0x0000000008006a30                . = ALIGN (0x4)

.ARM.extab      0x0000000008006a30        0x0
                0x0000000008006a30                . = ALIGN (0x4)
 *(.ARM.extab* .gnu.linkonce.armextab.*)
                0x0000000008006a30                . = ALIGN (0x4)

.ARM            0x0000000008006a30        0x8
                0x0000000008006a30                . = ALIGN (0x4)
                0x0000000008006a30                __exidx_start = .
 *(.ARM.exidx*)
 .ARM.exidx     0x0000000008006a30        0x8 d:/stm32cube_ide/stm32cubeide_1.8.0/stm32cubeide/plugins/com.st.stm32cube.ide.mcu.externaltools.gnu-tools-for-stm32.9-2020-q2-update.win32_2.0.0.202105311346/tools/bin/../lib/gcc/arm-none-eabi/9.3.1/thumb/v7e-m+dp/hard\libgcc.a(_udivmoddi4.o)
                0x0000000008006a38                __exidx_end = .
                0x0000000008006a38                . = ALIGN (0x4)

.rel.dyn        0x0000000008006a38        0x0
 .rel.iplt      0x0000000008006a38        0x0 d:/stm32cube_ide/stm32cubeide_1.8.0/stm32cubeide/plugins/com.st.stm32cube.ide.mcu.externaltools.gnu-tools-for-stm32.9-2020-q2-update.win32_2.0.0.202105311346/tools/bin/../lib/gcc/arm-none-eabi/9.3.1/thumb/v7e-m+dp/hard/crtbegin.o

.preinit_array  0x0000000008006a38        0x0
                0x0000000008006a38                . = ALIGN (0x4)
                0x0000000008006a38                PROVIDE (__preinit_array_start = .)
 *(.preinit_array*)
                0x0000000008006a38                PROVIDE (__preinit_array_end = .)
                0x0000000008006a38                . = ALIGN (0x4)

.init_array     0x0000000008006a38        0x4
                0x0000000008006a38                . = ALIGN (0x4)
                0x0000000008006a38                PROVIDE (__init_array_start = .)
 *(SORT_BY_NAME(.init_array.*))
 *(.init_array*)
 .init_array    0x0000000008006a38        0x4 d:/stm32cube_ide/stm32cubeide_1.8.0/stm32cubeide/plugins/com.st.stm32cube.ide.mcu.externaltools.gnu-tools-for-stm32.9-2020-q2-update.win32_2.0.0.202105311346/tools/bin/../lib/gcc/arm-none-eabi/9.3.1/thumb/v7e-m+dp/hard/crtbegin.o
                0x0000000008006a3c                PROVIDE (__init_array_end = .)
                0x0000000008006a3c                . = ALIGN (0x4)

.fini_array     0x0000000008006a3c        0x4
                0x0000000008006a3c                . = ALIGN (0x4)
                [!provide]                        PROVIDE (__fini_array_start = .)
 *(SORT_BY_NAME(.fini_array.*))
 *(.fini_array*)
 .fini_array    0x0000000008006a3c        0x4 d:/stm32cube_ide/stm32cubeide_1.8.0/stm32cubeide/plugins/com.st.stm32cube.ide.mcu.externaltools.gnu-tools-for-stm32.9-2020-q2-update.win32_2.0.0.202105311346/tools/bin/../lib/gcc/arm-none-eabi/9.3.1/thumb/v7e-m+dp/hard/crtbegin.o
                [!provide]                        PROVIDE (__fini_array_end = .)
                0x0000000008006a40                . = ALIGN (0x4)
                0x0000000008006a40                _sidata = LOADADDR (.data)

.data           0x0000000024000000       0x10 load address 0x0000000008006a40
                0x0000000024000000                . = ALIGN (0x4)
                0x0000000024000000                _sdata = .
 *(.data)
 *(.data*)
 .data.SystemCoreClock
                0x0000000024000000        0x4 ./Core/Src/system_stm32h7xx.o
                0x0000000024000000                SystemCoreClock
 .data.SystemD2Clock
                0x0000000024000004        0x4 ./Core/Src/system_stm32h7xx.o
                0x0000000024000004                SystemD2Clock
 .data.uwTickPrio
                0x0000000024000008        0x4 ./Drivers/STM32H7xx_HAL_Driver/Src/stm32h7xx_hal.o
                0x0000000024000008                uwTickPrio
 .data.uwTickFreq
                0x000000002400000c        0x1 ./Drivers/STM32H7xx_HAL_Driver/Src/stm32h7xx_hal.o
                0x000000002400000c                uwTickFreq
 *(.RamFunc)
 *(.RamFunc*)
                0x0000000024000010                . = ALIGN (0x4)
 *fill*         0x000000002400000d        0x3 
                0x0000000024000010                _edata = .

.igot.plt       0x0000000024000010        0x0 load address 0x0000000008006a50
 .igot.plt      0x0000000024000010        0x0 d:/stm32cube_ide/stm32cubeide_1.8.0/stm32cubeide/plugins/com.st.stm32cube.ide.mcu.externaltools.gnu-tools-for-stm32.9-2020-q2-update.win32_2.0.0.202105311346/tools/bin/../lib/gcc/arm-none-eabi/9.3.1/thumb/v7e-m+dp/hard/crtbegin.o
                0x0000000024000010                . = ALIGN (0x4)

.bss            0x0000000024000010      0x268 load address 0x0000000008006a50
                0x0000000024000010                _sbss = .
                0x0000000024000010                __bss_start__ = _sbss
 *(.bss)
 .bss           0x0000000024000010       0x1c d:/stm32cube_ide/stm32cubeide_1.8.0/stm32cubeide/plugins/com.st.stm32cube.ide.mcu.externaltools.gnu-tools-for-stm32.9-2020-q2-update.win32_2.0.0.202105311346/tools/bin/../lib/gcc/arm-none-eabi/9.3.1/thumb/v7e-m+dp/hard/crtbegin.o
 *(.bss*)
 *(COMMON)
 COMMON         0x000000002400002c      0x248 ./Core/Src/main.o
                0x000000002400002c                htim8
                0x0000000024000078                YY
                0x0000000024000082                ADC_Value
                0x0000000024000084                huart1
                0x0000000024000110                htim1
                0x000000002400015c                huart4
                0x00000000240001e8                huart2
 COMMON         0x0000000024000274        0x4 ./Drivers/STM32H7xx_HAL_Driver/Src/stm32h7xx_hal.o
                0x0000000024000274                uwTick
                0x0000000024000278                . = ALIGN (0x4)
                0x0000000024000278                _ebss = .
                0x0000000024000278                __bss_end__ = _ebss

._user_heap_stack
                0x0000000024000278      0x600 load address 0x0000000008006a50
                0x0000000024000278                . = ALIGN (0x8)
                [!provide]                        PROVIDE (end = .)
                0x0000000024000278                PROVIDE (_end = .)
                0x0000000024000478                . = (. + _Min_Heap_Size)
 *fill*         0x0000000024000278      0x200 
                0x0000000024000878                . = (. + _Min_Stack_Size)
 *fill*         0x0000000024000478      0x400 
                0x0000000024000878                . = ALIGN (0x8)

/DISCARD/
 libc.a(*)
 libm.a(*)
 libgcc.a(*)

.ARM.attributes
                0x0000000000000000       0x2e
 *(.ARM.attributes)
 .ARM.attributes
                0x0000000000000000       0x1e d:/stm32cube_ide/stm32cubeide_1.8.0/stm32cubeide/plugins/com.st.stm32cube.ide.mcu.externaltools.gnu-tools-for-stm32.9-2020-q2-update.win32_2.0.0.202105311346/tools/bin/../lib/gcc/arm-none-eabi/9.3.1/thumb/v7e-m+dp/hard/crti.o
 .ARM.attributes
                0x000000000000001e       0x32 d:/stm32cube_ide/stm32cubeide_1.8.0/stm32cubeide/plugins/com.st.stm32cube.ide.mcu.externaltools.gnu-tools-for-stm32.9-2020-q2-update.win32_2.0.0.202105311346/tools/bin/../lib/gcc/arm-none-eabi/9.3.1/thumb/v7e-m+dp/hard/crtbegin.o
 .ARM.attributes
                0x0000000000000050       0x32 ./Core/Src/main.o
 .ARM.attributes
                0x0000000000000082       0x32 ./Core/Src/stm32h7xx_hal_msp.o
 .ARM.attributes
                0x00000000000000b4       0x32 ./Core/Src/stm32h7xx_it.o
 .ARM.attributes
                0x00000000000000e6       0x32 ./Core/Src/system_stm32h7xx.o
 .ARM.attributes
                0x0000000000000118       0x21 ./Core/Startup/startup_stm32h743zitx.o
 .ARM.attributes
                0x0000000000000139       0x32 ./Drivers/STM32H7xx_HAL_Driver/Src/stm32h7xx_hal.o
 .ARM.attributes
                0x000000000000016b       0x32 ./Drivers/STM32H7xx_HAL_Driver/Src/stm32h7xx_hal_cortex.o
 .ARM.attributes
                0x000000000000019d       0x32 ./Drivers/STM32H7xx_HAL_Driver/Src/stm32h7xx_hal_gpio.o
 .ARM.attributes
                0x00000000000001cf       0x32 ./Drivers/STM32H7xx_HAL_Driver/Src/stm32h7xx_hal_pwr_ex.o
 .ARM.attributes
                0x0000000000000201       0x32 ./Drivers/STM32H7xx_HAL_Driver/Src/stm32h7xx_hal_rcc.o
 .ARM.attributes
                0x0000000000000233       0x32 ./Drivers/STM32H7xx_HAL_Driver/Src/stm32h7xx_hal_rcc_ex.o
 .ARM.attributes
                0x0000000000000265       0x32 ./Drivers/STM32H7xx_HAL_Driver/Src/stm32h7xx_hal_tim.o
 .ARM.attributes
                0x0000000000000297       0x32 ./Drivers/STM32H7xx_HAL_Driver/Src/stm32h7xx_hal_tim_ex.o
 .ARM.attributes
                0x00000000000002c9       0x32 ./Drivers/STM32H7xx_HAL_Driver/Src/stm32h7xx_hal_uart.o
 .ARM.attributes
                0x00000000000002fb       0x32 ./Drivers/STM32H7xx_HAL_Driver/Src/stm32h7xx_hal_uart_ex.o
 .ARM.attributes
                0x000000000000032d       0x32 d:/stm32cube_ide/stm32cubeide_1.8.0/stm32cubeide/plugins/com.st.stm32cube.ide.mcu.externaltools.gnu-tools-for-stm32.9-2020-q2-update.win32_2.0.0.202105311346/tools/bin/../lib/gcc/arm-none-eabi/9.3.1/../../../../arm-none-eabi/lib/thumb/v7e-m+dp/hard\libc_nano.a(lib_a-init.o)
 .ARM.attributes
                0x000000000000035f       0x32 d:/stm32cube_ide/stm32cubeide_1.8.0/stm32cubeide/plugins/com.st.stm32cube.ide.mcu.externaltools.gnu-tools-for-stm32.9-2020-q2-update.win32_2.0.0.202105311346/tools/bin/../lib/gcc/arm-none-eabi/9.3.1/../../../../arm-none-eabi/lib/thumb/v7e-m+dp/hard\libc_nano.a(lib_a-memset.o)
 .ARM.attributes
                0x0000000000000391       0x1e d:/stm32cube_ide/stm32cubeide_1.8.0/stm32cubeide/plugins/com.st.stm32cube.ide.mcu.externaltools.gnu-tools-for-stm32.9-2020-q2-update.win32_2.0.0.202105311346/tools/bin/../lib/gcc/arm-none-eabi/9.3.1/thumb/v7e-m+dp/hard\libgcc.a(_aeabi_uldivmod.o)
 .ARM.attributes
                0x00000000000003af       0x32 d:/stm32cube_ide/stm32cubeide_1.8.0/stm32cubeide/plugins/com.st.stm32cube.ide.mcu.externaltools.gnu-tools-for-stm32.9-2020-q2-update.win32_2.0.0.202105311346/tools/bin/../lib/gcc/arm-none-eabi/9.3.1/thumb/v7e-m+dp/hard\libgcc.a(_udivmoddi4.o)
 .ARM.attributes
                0x00000000000003e1       0x1e d:/stm32cube_ide/stm32cubeide_1.8.0/stm32cubeide/plugins/com.st.stm32cube.ide.mcu.externaltools.gnu-tools-for-stm32.9-2020-q2-update.win32_2.0.0.202105311346/tools/bin/../lib/gcc/arm-none-eabi/9.3.1/thumb/v7e-m+dp/hard\libgcc.a(_dvmd_tls.o)
 .ARM.attributes
                0x00000000000003ff       0x1e d:/stm32cube_ide/stm32cubeide_1.8.0/stm32cubeide/plugins/com.st.stm32cube.ide.mcu.externaltools.gnu-tools-for-stm32.9-2020-q2-update.win32_2.0.0.202105311346/tools/bin/../lib/gcc/arm-none-eabi/9.3.1/thumb/v7e-m+dp/hard/crtn.o
OUTPUT(xoche.elf elf32-littlearm)
LOAD linker stubs
LOAD d:/stm32cube_ide/stm32cubeide_1.8.0/stm32cubeide/plugins/com.st.stm32cube.ide.mcu.externaltools.gnu-tools-for-stm32.9-2020-q2-update.win32_2.0.0.202105311346/tools/bin/../lib/gcc/arm-none-eabi/9.3.1/../../../../arm-none-eabi/lib/thumb/v7e-m+dp/hard\libc.a
LOAD d:/stm32cube_ide/stm32cubeide_1.8.0/stm32cubeide/plugins/com.st.stm32cube.ide.mcu.externaltools.gnu-tools-for-stm32.9-2020-q2-update.win32_2.0.0.202105311346/tools/bin/../lib/gcc/arm-none-eabi/9.3.1/../../../../arm-none-eabi/lib/thumb/v7e-m+dp/hard\libm.a
LOAD d:/stm32cube_ide/stm32cubeide_1.8.0/stm32cubeide/plugins/com.st.stm32cube.ide.mcu.externaltools.gnu-tools-for-stm32.9-2020-q2-update.win32_2.0.0.202105311346/tools/bin/../lib/gcc/arm-none-eabi/9.3.1/thumb/v7e-m+dp/hard\libgcc.a

.debug_info     0x0000000000000000    0x1a566
 .debug_info    0x0000000000000000     0x2b75 ./Core/Src/main.o
 .debug_info    0x0000000000002b75     0x1c77 ./Core/Src/stm32h7xx_hal_msp.o
 .debug_info    0x00000000000047ec      0xc33 ./Core/Src/stm32h7xx_it.o
 .debug_info    0x000000000000541f     0x1787 ./Core/Src/system_stm32h7xx.o
 .debug_info    0x0000000000006ba6       0x22 ./Core/Startup/startup_stm32h743zitx.o
 .debug_info    0x0000000000006bc8     0x1fe9 ./Drivers/STM32H7xx_HAL_Driver/Src/stm32h7xx_hal.o
 .debug_info    0x0000000000008bb1     0x1c13 ./Drivers/STM32H7xx_HAL_Driver/Src/stm32h7xx_hal_cortex.o
 .debug_info    0x000000000000a7c4     0x17d6 ./Drivers/STM32H7xx_HAL_Driver/Src/stm32h7xx_hal_gpio.o
 .debug_info    0x000000000000bf9a     0x1aab ./Drivers/STM32H7xx_HAL_Driver/Src/stm32h7xx_hal_pwr_ex.o
 .debug_info    0x000000000000da45     0x1951 ./Drivers/STM32H7xx_HAL_Driver/Src/stm32h7xx_hal_rcc.o
 .debug_info    0x000000000000f396     0x1d01 ./Drivers/STM32H7xx_HAL_Driver/Src/stm32h7xx_hal_rcc_ex.o
 .debug_info    0x0000000000011097     0x3659 ./Drivers/STM32H7xx_HAL_Driver/Src/stm32h7xx_hal_tim.o
 .debug_info    0x00000000000146f0     0x218f ./Drivers/STM32H7xx_HAL_Driver/Src/stm32h7xx_hal_tim_ex.o
 .debug_info    0x000000000001687f     0x26ee ./Drivers/STM32H7xx_HAL_Driver/Src/stm32h7xx_hal_uart.o
 .debug_info    0x0000000000018f6d     0x15f9 ./Drivers/STM32H7xx_HAL_Driver/Src/stm32h7xx_hal_uart_ex.o

.debug_abbrev   0x0000000000000000     0x2982
 .debug_abbrev  0x0000000000000000      0x346 ./Core/Src/main.o
 .debug_abbrev  0x0000000000000346      0x2c3 ./Core/Src/stm32h7xx_hal_msp.o
 .debug_abbrev  0x0000000000000609      0x1ef ./Core/Src/stm32h7xx_it.o
 .debug_abbrev  0x00000000000007f8      0x262 ./Core/Src/system_stm32h7xx.o
 .debug_abbrev  0x0000000000000a5a       0x12 ./Core/Startup/startup_stm32h743zitx.o
 .debug_abbrev  0x0000000000000a6c      0x31b ./Drivers/STM32H7xx_HAL_Driver/Src/stm32h7xx_hal.o
 .debug_abbrev  0x0000000000000d87      0x409 ./Drivers/STM32H7xx_HAL_Driver/Src/stm32h7xx_hal_cortex.o
 .debug_abbrev  0x0000000000001190      0x2cb ./Drivers/STM32H7xx_HAL_Driver/Src/stm32h7xx_hal_gpio.o
 .debug_abbrev  0x000000000000145b      0x350 ./Drivers/STM32H7xx_HAL_Driver/Src/stm32h7xx_hal_pwr_ex.o
 .debug_abbrev  0x00000000000017ab      0x322 ./Drivers/STM32H7xx_HAL_Driver/Src/stm32h7xx_hal_rcc.o
 .debug_abbrev  0x0000000000001acd      0x31d ./Drivers/STM32H7xx_HAL_Driver/Src/stm32h7xx_hal_rcc_ex.o
 .debug_abbrev  0x0000000000001dea      0x2f9 ./Drivers/STM32H7xx_HAL_Driver/Src/stm32h7xx_hal_tim.o
 .debug_abbrev  0x00000000000020e3      0x301 ./Drivers/STM32H7xx_HAL_Driver/Src/stm32h7xx_hal_tim_ex.o
 .debug_abbrev  0x00000000000023e4      0x2f9 ./Drivers/STM32H7xx_HAL_Driver/Src/stm32h7xx_hal_uart.o
 .debug_abbrev  0x00000000000026dd      0x2a5 ./Drivers/STM32H7xx_HAL_Driver/Src/stm32h7xx_hal_uart_ex.o

.debug_aranges  0x0000000000000000      0xfa8
 .debug_aranges
                0x0000000000000000       0x80 ./Core/Src/main.o
 .debug_aranges
                0x0000000000000080       0x48 ./Core/Src/stm32h7xx_hal_msp.o
 .debug_aranges
                0x00000000000000c8       0x68 ./Core/Src/stm32h7xx_it.o
 .debug_aranges
                0x0000000000000130       0x28 ./Core/Src/system_stm32h7xx.o
 .debug_aranges
                0x0000000000000158       0x28 ./Core/Startup/startup_stm32h743zitx.o
 .debug_aranges
                0x0000000000000180      0x1b8 ./Drivers/STM32H7xx_HAL_Driver/Src/stm32h7xx_hal.o
 .debug_aranges
                0x0000000000000338      0x120 ./Drivers/STM32H7xx_HAL_Driver/Src/stm32h7xx_hal_cortex.o
 .debug_aranges
                0x0000000000000458       0x58 ./Drivers/STM32H7xx_HAL_Driver/Src/stm32h7xx_hal_gpio.o
 .debug_aranges
                0x00000000000004b0      0x158 ./Drivers/STM32H7xx_HAL_Driver/Src/stm32h7xx_hal_pwr_ex.o
 .debug_aranges
                0x0000000000000608       0x88 ./Drivers/STM32H7xx_HAL_Driver/Src/stm32h7xx_hal_rcc.o
 .debug_aranges
                0x0000000000000690       0xf8 ./Drivers/STM32H7xx_HAL_Driver/Src/stm32h7xx_hal_rcc_ex.o
 .debug_aranges
                0x0000000000000788      0x3e0 ./Drivers/STM32H7xx_HAL_Driver/Src/stm32h7xx_hal_tim.o
 .debug_aranges
                0x0000000000000b68      0x188 ./Drivers/STM32H7xx_HAL_Driver/Src/stm32h7xx_hal_tim_ex.o
 .debug_aranges
                0x0000000000000cf0      0x230 ./Drivers/STM32H7xx_HAL_Driver/Src/stm32h7xx_hal_uart.o
 .debug_aranges
                0x0000000000000f20       0x88 ./Drivers/STM32H7xx_HAL_Driver/Src/stm32h7xx_hal_uart_ex.o

.debug_ranges   0x0000000000000000      0xec0
 .debug_ranges  0x0000000000000000       0x70 ./Core/Src/main.o
 .debug_ranges  0x0000000000000070       0x38 ./Core/Src/stm32h7xx_hal_msp.o
 .debug_ranges  0x00000000000000a8       0x58 ./Core/Src/stm32h7xx_it.o
 .debug_ranges  0x0000000000000100       0x18 ./Core/Src/system_stm32h7xx.o
 .debug_ranges  0x0000000000000118       0x20 ./Core/Startup/startup_stm32h743zitx.o
 .debug_ranges  0x0000000000000138      0x1a8 ./Drivers/STM32H7xx_HAL_Driver/Src/stm32h7xx_hal.o
 .debug_ranges  0x00000000000002e0      0x110 ./Drivers/STM32H7xx_HAL_Driver/Src/stm32h7xx_hal_cortex.o
 .debug_ranges  0x00000000000003f0       0x48 ./Drivers/STM32H7xx_HAL_Driver/Src/stm32h7xx_hal_gpio.o
 .debug_ranges  0x0000000000000438      0x148 ./Drivers/STM32H7xx_HAL_Driver/Src/stm32h7xx_hal_pwr_ex.o
 .debug_ranges  0x0000000000000580       0x78 ./Drivers/STM32H7xx_HAL_Driver/Src/stm32h7xx_hal_rcc.o
 .debug_ranges  0x00000000000005f8       0xe8 ./Drivers/STM32H7xx_HAL_Driver/Src/stm32h7xx_hal_rcc_ex.o
 .debug_ranges  0x00000000000006e0      0x3d0 ./Drivers/STM32H7xx_HAL_Driver/Src/stm32h7xx_hal_tim.o
 .debug_ranges  0x0000000000000ab0      0x178 ./Drivers/STM32H7xx_HAL_Driver/Src/stm32h7xx_hal_tim_ex.o
 .debug_ranges  0x0000000000000c28      0x220 ./Drivers/STM32H7xx_HAL_Driver/Src/stm32h7xx_hal_uart.o
 .debug_ranges  0x0000000000000e48       0x78 ./Drivers/STM32H7xx_HAL_Driver/Src/stm32h7xx_hal_uart_ex.o

.debug_macro    0x0000000000000000    0x35fee
 .debug_macro   0x0000000000000000      0x2b6 ./Core/Src/main.o
 .debug_macro   0x00000000000002b6      0xac0 ./Core/Src/main.o
 .debug_macro   0x0000000000000d76      0x238 ./Core/Src/main.o
 .debug_macro   0x0000000000000fae       0x2e ./Core/Src/main.o
 .debug_macro   0x0000000000000fdc       0x3b ./Core/Src/main.o
 .debug_macro   0x0000000000001017       0x22 ./Core/Src/main.o
 .debug_macro   0x0000000000001039       0x8e ./Core/Src/main.o
 .debug_macro   0x00000000000010c7       0x51 ./Core/Src/main.o
 .debug_macro   0x0000000000001118      0x103 ./Core/Src/main.o
 .debug_macro   0x000000000000121b       0x6a ./Core/Src/main.o
 .debug_macro   0x0000000000001285      0x1df ./Core/Src/main.o
 .debug_macro   0x0000000000001464       0x1c ./Core/Src/main.o
 .debug_macro   0x0000000000001480       0x22 ./Core/Src/main.o
 .debug_macro   0x00000000000014a2       0xdf ./Core/Src/main.o
 .debug_macro   0x0000000000001581     0x12cd ./Core/Src/main.o
 .debug_macro   0x000000000000284e      0x11f ./Core/Src/main.o
 .debug_macro   0x000000000000296d       0x19 ./Core/Src/main.o
 .debug_macro   0x0000000000002986    0x2538b ./Core/Src/main.o
 .debug_macro   0x0000000000027d11       0x43 ./Core/Src/main.o
 .debug_macro   0x0000000000027d54     0x3cd3 ./Core/Src/main.o
 .debug_macro   0x000000000002ba27      0x174 ./Core/Src/main.o
 .debug_macro   0x000000000002bb9b       0x52 ./Core/Src/main.o
 .debug_macro   0x000000000002bbed       0x17 ./Core/Src/main.o
 .debug_macro   0x000000000002bc04       0x3c ./Core/Src/main.o
 .debug_macro   0x000000000002bc40       0x34 ./Core/Src/main.o
 .debug_macro   0x000000000002bc74       0x16 ./Core/Src/main.o
 .debug_macro   0x000000000002bc8a       0x43 ./Core/Src/main.o
 .debug_macro   0x000000000002bccd       0x34 ./Core/Src/main.o
 .debug_macro   0x000000000002bd01       0x10 ./Core/Src/main.o
 .debug_macro   0x000000000002bd11       0x58 ./Core/Src/main.o
 .debug_macro   0x000000000002bd69       0x71 ./Core/Src/main.o
 .debug_macro   0x000000000002bdda       0x1c ./Core/Src/main.o
 .debug_macro   0x000000000002bdf6      0x12a ./Core/Src/main.o
 .debug_macro   0x000000000002bf20      0x333 ./Core/Src/main.o
 .debug_macro   0x000000000002c253      0x1a9 ./Core/Src/main.o
 .debug_macro   0x000000000002c3fc       0x54 ./Core/Src/main.o
 .debug_macro   0x000000000002c450     0x2382 ./Core/Src/main.o
 .debug_macro   0x000000000002e7d2     0x1009 ./Core/Src/main.o
 .debug_macro   0x000000000002f7db      0x138 ./Core/Src/main.o
 .debug_macro   0x000000000002f913      0x117 ./Core/Src/main.o
 .debug_macro   0x000000000002fa2a      0x3b2 ./Core/Src/main.o
 .debug_macro   0x000000000002fddc       0x27 ./Core/Src/main.o
 .debug_macro   0x000000000002fe03      0x72d ./Core/Src/main.o
 .debug_macro   0x0000000000030530      0x229 ./Core/Src/main.o
 .debug_macro   0x0000000000030759       0x66 ./Core/Src/main.o
 .debug_macro   0x00000000000307bf      0x3bb ./Core/Src/main.o
 .debug_macro   0x0000000000030b7a      0x3e5 ./Core/Src/main.o
 .debug_macro   0x0000000000030f5f      0x275 ./Core/Src/main.o
 .debug_macro   0x00000000000311d4      0x3cb ./Core/Src/main.o
 .debug_macro   0x000000000003159f      0x41d ./Core/Src/main.o
 .debug_macro   0x00000000000319bc       0x51 ./Core/Src/main.o
 .debug_macro   0x0000000000031a0d       0x4a ./Core/Src/main.o
 .debug_macro   0x0000000000031a57      0x22c ./Core/Src/main.o
 .debug_macro   0x0000000000031c83       0x64 ./Core/Src/main.o
 .debug_macro   0x0000000000031ce7       0xa5 ./Core/Src/main.o
 .debug_macro   0x0000000000031d8c      0x1c5 ./Core/Src/main.o
 .debug_macro   0x0000000000031f51      0x25f ./Core/Src/main.o
 .debug_macro   0x00000000000321b0       0x35 ./Core/Src/main.o
 .debug_macro   0x00000000000321e5      0xad7 ./Core/Src/main.o
 .debug_macro   0x0000000000032cbc      0x2a0 ./Core/Src/main.o
 .debug_macro   0x0000000000032f5c      0x662 ./Core/Src/main.o
 .debug_macro   0x00000000000335be       0xa6 ./Core/Src/main.o
 .debug_macro   0x0000000000033664      0x5a0 ./Core/Src/main.o
 .debug_macro   0x0000000000033c04       0x28 ./Core/Src/main.o
 .debug_macro   0x0000000000033c2c      0x2b6 ./Core/Src/stm32h7xx_hal_msp.o
 .debug_macro   0x0000000000033ee2      0x2c0 ./Core/Src/stm32h7xx_it.o
 .debug_macro   0x00000000000341a2      0x2ad ./Core/Src/system_stm32h7xx.o
 .debug_macro   0x000000000003444f      0x2d1 ./Drivers/STM32H7xx_HAL_Driver/Src/stm32h7xx_hal.o
 .debug_macro   0x0000000000034720      0x2a7 ./Drivers/STM32H7xx_HAL_Driver/Src/stm32h7xx_hal_cortex.o
 .debug_macro   0x00000000000349c7      0x2e3 ./Drivers/STM32H7xx_HAL_Driver/Src/stm32h7xx_hal_gpio.o
 .debug_macro   0x0000000000034caa      0x2e0 ./Drivers/STM32H7xx_HAL_Driver/Src/stm32h7xx_hal_pwr_ex.o
 .debug_macro   0x0000000000034f8a      0x2cb ./Drivers/STM32H7xx_HAL_Driver/Src/stm32h7xx_hal_rcc.o
 .debug_macro   0x0000000000035255      0x2c5 ./Drivers/STM32H7xx_HAL_Driver/Src/stm32h7xx_hal_rcc_ex.o
 .debug_macro   0x000000000003551a      0x2a8 ./Drivers/STM32H7xx_HAL_Driver/Src/stm32h7xx_hal_tim.o
 .debug_macro   0x00000000000357c2      0x2a7 ./Drivers/STM32H7xx_HAL_Driver/Src/stm32h7xx_hal_tim_ex.o
 .debug_macro   0x0000000000035a69      0x2d2 ./Drivers/STM32H7xx_HAL_Driver/Src/stm32h7xx_hal_uart.o
 .debug_macro   0x0000000000035d3b      0x2b3 ./Drivers/STM32H7xx_HAL_Driver/Src/stm32h7xx_hal_uart_ex.o

.debug_line     0x0000000000000000    0x11a0d
 .debug_line    0x0000000000000000      0xf0a ./Core/Src/main.o
 .debug_line    0x0000000000000f0a      0x9e8 ./Core/Src/stm32h7xx_hal_msp.o
 .debug_line    0x00000000000018f2      0x96f ./Core/Src/stm32h7xx_it.o
 .debug_line    0x0000000000002261      0xa35 ./Core/Src/system_stm32h7xx.o
 .debug_line    0x0000000000002c96       0x87 ./Core/Startup/startup_stm32h743zitx.o
 .debug_line    0x0000000000002d1d      0xe9e ./Drivers/STM32H7xx_HAL_Driver/Src/stm32h7xx_hal.o
 .debug_line    0x0000000000003bbb      0xe3e ./Drivers/STM32H7xx_HAL_Driver/Src/stm32h7xx_hal_cortex.o
 .debug_line    0x00000000000049f9      0xd0f ./Drivers/STM32H7xx_HAL_Driver/Src/stm32h7xx_hal_gpio.o
 .debug_line    0x0000000000005708      0xf36 ./Drivers/STM32H7xx_HAL_Driver/Src/stm32h7xx_hal_pwr_ex.o
 .debug_line    0x000000000000663e     0x138a ./Drivers/STM32H7xx_HAL_Driver/Src/stm32h7xx_hal_rcc.o
 .debug_line    0x00000000000079c8     0x1962 ./Drivers/STM32H7xx_HAL_Driver/Src/stm32h7xx_hal_rcc_ex.o
 .debug_line    0x000000000000932a     0x3b97 ./Drivers/STM32H7xx_HAL_Driver/Src/stm32h7xx_hal_tim.o
 .debug_line    0x000000000000cec1     0x1d98 ./Drivers/STM32H7xx_HAL_Driver/Src/stm32h7xx_hal_tim_ex.o
 .debug_line    0x000000000000ec59     0x2187 ./Drivers/STM32H7xx_HAL_Driver/Src/stm32h7xx_hal_uart.o
 .debug_line    0x0000000000010de0      0xc2d ./Drivers/STM32H7xx_HAL_Driver/Src/stm32h7xx_hal_uart_ex.o

.debug_str      0x0000000000000000   0x15f0c9
 .debug_str     0x0000000000000000   0x15b074 ./Core/Src/main.o
                                     0x15b749 (size before relaxing)
 .debug_str     0x000000000015b074       0xa5 ./Core/Src/stm32h7xx_hal_msp.o
                                     0x15a747 (size before relaxing)
 .debug_str     0x000000000015b119       0xd2 ./Core/Src/stm32h7xx_it.o
                                     0x159cc7 (size before relaxing)
 .debug_str     0x000000000015b1eb      0x332 ./Core/Src/system_stm32h7xx.o
                                     0x15a0ca (size before relaxing)
 .debug_str     0x000000000015b51d       0x36 ./Core/Startup/startup_stm32h743zitx.o
                                         0x49 (size before relaxing)
 .debug_str     0x000000000015b553      0x7d3 ./Drivers/STM32H7xx_HAL_Driver/Src/stm32h7xx_hal.o
                                     0x15af57 (size before relaxing)
 .debug_str     0x000000000015bd26      0x3a8 ./Drivers/STM32H7xx_HAL_Driver/Src/stm32h7xx_hal_cortex.o
                                     0x15a9e2 (size before relaxing)
 .debug_str     0x000000000015c0ce      0x1ff ./Drivers/STM32H7xx_HAL_Driver/Src/stm32h7xx_hal_gpio.o
                                     0x15a166 (size before relaxing)
 .debug_str     0x000000000015c2cd      0x638 ./Drivers/STM32H7xx_HAL_Driver/Src/stm32h7xx_hal_pwr_ex.o
                                     0x15a52e (size before relaxing)
 .debug_str     0x000000000015c905      0x26c ./Drivers/STM32H7xx_HAL_Driver/Src/stm32h7xx_hal_rcc.o
                                     0x15a3f5 (size before relaxing)
 .debug_str     0x000000000015cb71      0x665 ./Drivers/STM32H7xx_HAL_Driver/Src/stm32h7xx_hal_rcc_ex.o
                                     0x15a8bb (size before relaxing)
 .debug_str     0x000000000015d1d6      0xdad ./Drivers/STM32H7xx_HAL_Driver/Src/stm32h7xx_hal_tim.o
                                     0x15b12b (size before relaxing)
 .debug_str     0x000000000015df83      0x571 ./Drivers/STM32H7xx_HAL_Driver/Src/stm32h7xx_hal_tim_ex.o
                                     0x15aa3a (size before relaxing)
 .debug_str     0x000000000015e4f4      0x94d ./Drivers/STM32H7xx_HAL_Driver/Src/stm32h7xx_hal_uart.o
                                     0x15ad1d (size before relaxing)
 .debug_str     0x000000000015ee41      0x288 ./Drivers/STM32H7xx_HAL_Driver/Src/stm32h7xx_hal_uart_ex.o
                                     0x15a367 (size before relaxing)

.comment        0x0000000000000000       0x53
 .comment       0x0000000000000000       0x53 ./Core/Src/main.o
                                         0x54 (size before relaxing)
 .comment       0x0000000000000053       0x54 ./Core/Src/stm32h7xx_hal_msp.o
 .comment       0x0000000000000053       0x54 ./Core/Src/stm32h7xx_it.o
 .comment       0x0000000000000053       0x54 ./Core/Src/system_stm32h7xx.o
 .comment       0x0000000000000053       0x54 ./Drivers/STM32H7xx_HAL_Driver/Src/stm32h7xx_hal.o
 .comment       0x0000000000000053       0x54 ./Drivers/STM32H7xx_HAL_Driver/Src/stm32h7xx_hal_cortex.o
 .comment       0x0000000000000053       0x54 ./Drivers/STM32H7xx_HAL_Driver/Src/stm32h7xx_hal_gpio.o
 .comment       0x0000000000000053       0x54 ./Drivers/STM32H7xx_HAL_Driver/Src/stm32h7xx_hal_pwr_ex.o
 .comment       0x0000000000000053       0x54 ./Drivers/STM32H7xx_HAL_Driver/Src/stm32h7xx_hal_rcc.o
 .comment       0x0000000000000053       0x54 ./Drivers/STM32H7xx_HAL_Driver/Src/stm32h7xx_hal_rcc_ex.o
 .comment       0x0000000000000053       0x54 ./Drivers/STM32H7xx_HAL_Driver/Src/stm32h7xx_hal_tim.o
 .comment       0x0000000000000053       0x54 ./Drivers/STM32H7xx_HAL_Driver/Src/stm32h7xx_hal_tim_ex.o
 .comment       0x0000000000000053       0x54 ./Drivers/STM32H7xx_HAL_Driver/Src/stm32h7xx_hal_uart.o
 .comment       0x0000000000000053       0x54 ./Drivers/STM32H7xx_HAL_Driver/Src/stm32h7xx_hal_uart_ex.o

.debug_frame    0x0000000000000000     0x4278
 .debug_frame   0x0000000000000000      0x1b4 ./Core/Src/main.o
 .debug_frame   0x00000000000001b4       0xf4 ./Core/Src/stm32h7xx_hal_msp.o
 .debug_frame   0x00000000000002a8      0x124 ./Core/Src/stm32h7xx_it.o
 .debug_frame   0x00000000000003cc       0x58 ./Core/Src/system_stm32h7xx.o
 .debug_frame   0x0000000000000424      0x710 ./Drivers/STM32H7xx_HAL_Driver/Src/stm32h7xx_hal.o
 .debug_frame   0x0000000000000b34      0x4b8 ./Drivers/STM32H7xx_HAL_Driver/Src/stm32h7xx_hal_cortex.o
 .debug_frame   0x0000000000000fec      0x14c ./Drivers/STM32H7xx_HAL_Driver/Src/stm32h7xx_hal_gpio.o
 .debug_frame   0x0000000000001138      0x580 ./Drivers/STM32H7xx_HAL_Driver/Src/stm32h7xx_hal_pwr_ex.o
 .debug_frame   0x00000000000016b8      0x1f8 ./Drivers/STM32H7xx_HAL_Driver/Src/stm32h7xx_hal_rcc.o
 .debug_frame   0x00000000000018b0      0x3f4 ./Drivers/STM32H7xx_HAL_Driver/Src/stm32h7xx_hal_rcc_ex.o
 .debug_frame   0x0000000000001ca4     0x1218 ./Drivers/STM32H7xx_HAL_Driver/Src/stm32h7xx_hal_tim.o
 .debug_frame   0x0000000000002ebc      0x6d8 ./Drivers/STM32H7xx_HAL_Driver/Src/stm32h7xx_hal_tim_ex.o
 .debug_frame   0x0000000000003594      0xa0c ./Drivers/STM32H7xx_HAL_Driver/Src/stm32h7xx_hal_uart.o
 .debug_frame   0x0000000000003fa0      0x22c ./Drivers/STM32H7xx_HAL_Driver/Src/stm32h7xx_hal_uart_ex.o
 .debug_frame   0x00000000000041cc       0x2c d:/stm32cube_ide/stm32cubeide_1.8.0/stm32cubeide/plugins/com.st.stm32cube.ide.mcu.externaltools.gnu-tools-for-stm32.9-2020-q2-update.win32_2.0.0.202105311346/tools/bin/../lib/gcc/arm-none-eabi/9.3.1/../../../../arm-none-eabi/lib/thumb/v7e-m+dp/hard\libc_nano.a(lib_a-init.o)
 .debug_frame   0x00000000000041f8       0x20 d:/stm32cube_ide/stm32cubeide_1.8.0/stm32cubeide/plugins/com.st.stm32cube.ide.mcu.externaltools.gnu-tools-for-stm32.9-2020-q2-update.win32_2.0.0.202105311346/tools/bin/../lib/gcc/arm-none-eabi/9.3.1/../../../../arm-none-eabi/lib/thumb/v7e-m+dp/hard\libc_nano.a(lib_a-memset.o)
 .debug_frame   0x0000000000004218       0x2c d:/stm32cube_ide/stm32cubeide_1.8.0/stm32cubeide/plugins/com.st.stm32cube.ide.mcu.externaltools.gnu-tools-for-stm32.9-2020-q2-update.win32_2.0.0.202105311346/tools/bin/../lib/gcc/arm-none-eabi/9.3.1/thumb/v7e-m+dp/hard\libgcc.a(_aeabi_uldivmod.o)
 .debug_frame   0x0000000000004244       0x34 d:/stm32cube_ide/stm32cubeide_1.8.0/stm32cubeide/plugins/com.st.stm32cube.ide.mcu.externaltools.gnu-tools-for-stm32.9-2020-q2-update.win32_2.0.0.202105311346/tools/bin/../lib/gcc/arm-none-eabi/9.3.1/thumb/v7e-m+dp/hard\libgcc.a(_udivmoddi4.o)
